# Use an official Ubuntu as the base image
FROM ubuntu:20.04

# Set non-interactive frontend to avoid prompts
ENV DEBIAN_FRONTEND=noninteractive

# Install required tools
RUN apt-get update && apt-get install -y \
    build-essential \
    git \
    wget \
    unzip \
    zlib1g-dev \
    && apt-get clean

# Clone and build SNAP
RUN git clone --depth 1 --branch v2.0.2 https://github.com/amplab/snap.git /snap \
    && cd /snap \
    && make

# Set working directory
WORKDIR /snap

# Define the default command
CMD ["bash"]

